Microsoft Windows [Version 10.0.18362.959]
(c) 2019 Microsoft Corporation. All rights reserved.

C:\Users\DELL>git version
git version 2.28.0.windows.1

C:\Users\DELL>cd Desktop

C:\Users\DELL\Desktop>cd LearnGitRepo

C:\Users\DELL\Desktop\LearnGitRepo>git init
Initialized empty Git repository in C:/Users/DELL/Desktop/LearnGitRepo/.git/

C:\Users\DELL\Desktop\LearnGitRepo>git add HelloWorld.java

C:\Users\DELL\Desktop\LearnGitRepo>git status
On branch master

No commits yet

Changes to be committed:
  (use "git rm --cached <file>..." to unstage)
        new file:   HelloWorld.java


C:\Users\DELL\Desktop\LearnGitRepo>git status
On branch master

No commits yet

Changes to be committed:
  (use "git rm --cached <file>..." to unstage)
        new file:   HelloWorld.java

Untracked files:
  (use "git add <file>..." to include in what will be committed)
        ForLoops.java


C:\Users\DELL\Desktop\LearnGitRepo>git commit -m "initial commit"
[master (root-commit) b04cc2b] initial commit
 1 file changed, 5 insertions(+)
 create mode 100644 HelloWorld.java

C:\Users\DELL\Desktop\LearnGitRepo>git status
On branch master
Untracked files:
  (use "git add <file>..." to include in what will be committed)
        ForLoops.java

nothing added to commit but untracked files present (use "git add" to track)

C:\Users\DELL\Desktop\LearnGitRepo>git add ForLoops.java

C:\Users\DELL\Desktop\LearnGitRepo>git commit -m "for loops understood"
[master 54f8a1d] for loops understood
 1 file changed, 7 insertions(+)
 create mode 100644 ForLoops.java

C:\Users\DELL\Desktop\LearnGitRepo>git log
commit 54f8a1d9fce19d694db83bb675ed52ca0e3af0b3 (HEAD -> master)
Author: Saurabh <saurabhshivam4@gmail.com>
Date:   Fri Jul 31 17:25:00 2020 +0530

    for loops understood

commit b04cc2b1931ae2a445938ecc706297b98e01bcb6
Author: Saurabh <saurabhshivam4@gmail.com>
Date:   Fri Jul 31 17:23:40 2020 +0530

    initial commit

C:\Users\DELL\Desktop\LearnGitRepo>git status
On branch master
Changes not staged for commit:
  (use "git add <file>..." to update what will be committed)
  (use "git restore <file>..." to discard changes in working directory)
        modified:   ForLoops.java

no changes added to commit (use "git add" and/or "git commit -a")

C:\Users\DELL\Desktop\LearnGitRepo>git add ForLoops.java

C:\Users\DELL\Desktop\LearnGitRepo>git status
On branch master
Changes to be committed:
  (use "git restore --staged <file>..." to unstage)
        modified:   ForLoops.java


C:\Users\DELL\Desktop\LearnGitRepo>git rm --cached ForLoops.java
rm 'ForLoops.java'

C:\Users\DELL\Desktop\LearnGitRepo>git status
On branch master
Changes to be committed:
  (use "git restore --staged <file>..." to unstage)
        deleted:    ForLoops.java

Untracked files:
  (use "git add <file>..." to include in what will be committed)
        ForLoops.java


C:\Users\DELL\Desktop\LearnGitRepo>git add ForLoops.java

C:\Users\DELL\Desktop\LearnGitRepo>git commit -m "updated for loops with new messages"
[master e5018cd] updated for loops with new messages
 1 file changed, 3 insertions(+), 1 deletion(-)

C:\Users\DELL\Desktop\LearnGitRepo>git status
On branch master
nothing to commit, working tree clean

C:\Users\DELL\Desktop\LearnGitRepo>git branch dev

C:\Users\DELL\Desktop\LearnGitRepo>git checkout dev
Switched to branch 'dev'

C:\Users\DELL\Desktop\LearnGitRepo>git status
On branch dev
Changes not staged for commit:
  (use "git add <file>..." to update what will be committed)
  (use "git restore <file>..." to discard changes in working directory)
        modified:   HelloWorld.java

no changes added to commit (use "git add" and/or "git commit -a")

C:\Users\DELL\Desktop\LearnGitRepo>git commit -am "dev branch change 1"
[dev 49531f1] dev branch change 1
 1 file changed, 1 insertion(+)

C:\Users\DELL\Desktop\LearnGitRepo>git status
On branch dev
nothing to commit, working tree clean

C:\Users\DELL\Desktop\LearnGitRepo>git checkout master
Switched to branch 'master'

C:\Users\DELL\Desktop\LearnGitRepo>git checkout dev
Switched to branch 'dev'

C:\Users\DELL\Desktop\LearnGitRepo>git checkout master
Switched to branch 'master'

C:\Users\DELL\Desktop\LearnGitRepo>git merge dev
Updating e5018cd..49531f1
Fast-forward
 HelloWorld.java | 1 +
 1 file changed, 1 insertion(+)

C:\Users\DELL\Desktop\LearnGitRepo>git status
On branch master
nothing to commit, working tree clean

C:\Users\DELL\Desktop\LearnGitRepo>git remote add origin https://github.com/Saurabh-Shivam/GitLearningRepo.git

C:\Users\DELL\Desktop\LearnGitRepo>git remote -v
origin  https://github.com/Saurabh-Shivam/GitLearningRepo.git (fetch)
origin  https://github.com/Saurabh-Shivam/GitLearningRepo.git (push)

C:\Users\DELL\Desktop\LearnGitRepo>git push -u origin master
Enumerating objects: 12, done.
Counting objects: 100% (12/12), done.
Delta compression using up to 8 threads
Compressing objects: 100% (11/11), done.
Writing objects: 100% (12/12), 1.29 KiB | 330.00 KiB/s, done.
Total 12 (delta 2), reused 0 (delta 0), pack-reused 0
remote: Resolving deltas: 100% (2/2), done.
To https://github.com/Saurabh-Shivam/GitLearningRepo.git
 * [new branch]      master -> master
Branch 'master' set up to track remote branch 'master' from 'origin'.

C:\Users\DELL\Desktop\LearnGitRepo>git checkout dev
Switched to branch 'dev'

C:\Users\DELL\Desktop\LearnGitRepo>git commit -am "new change in dev"
[dev ce30e78] new change in dev
 1 file changed, 1 insertion(+)

C:\Users\DELL\Desktop\LearnGitRepo>git push origin dev
Enumerating objects: 5, done.
Counting objects: 100% (5/5), done.
Delta compression using up to 8 threads
Compressing objects: 100% (3/3), done.
Writing objects: 100% (3/3), 355 bytes | 355.00 KiB/s, done.
Total 3 (delta 1), reused 0 (delta 0), pack-reused 0
remote: Resolving deltas: 100% (1/1), completed with 1 local object.
remote:
remote: Create a pull request for 'dev' on GitHub by visiting:
remote:      https://github.com/Saurabh-Shivam/GitLearningRepo/pull/new/dev
remote:
To https://github.com/Saurabh-Shivam/GitLearningRepo.git
 * [new branch]      dev -> dev

C:\Users\DELL\Desktop\LearnGitRepo>git pull
remote: Enumerating objects: 1, done.
remote: Counting objects: 100% (1/1), done.
remote: Total 1 (delta 0), reused 0 (delta 0), pack-reused 0
Unpacking objects: 100% (1/1), 630 bytes | 126.00 KiB/s, done.
From https://github.com/Saurabh-Shivam/GitLearningRepo
   49531f1..e4a9ab0  master     -> origin/master
There is no tracking information for the current branch.
Please specify which branch you want to merge with.
See git-pull(1) for details.

    git pull <remote> <branch>

If you wish to set tracking information for this branch you can do so with:

    git branch --set-upstream-to=origin/<branch> dev


C:\Users\DELL\Desktop\LearnGitRepo>git pull
remote: Enumerating objects: 4, done.
remote: Counting objects: 100% (4/4), done.
remote: Compressing objects: 100% (3/3), done.
remote: Total 3 (delta 0), reused 0 (delta 0), pack-reused 0
Unpacking objects: 100% (3/3), 771 bytes | 48.00 KiB/s, done.
From https://github.com/Saurabh-Shivam/GitLearningRepo
   e4a9ab0..4ce7f8a  master     -> origin/master
There is no tracking information for the current branch.
Please specify which branch you want to merge with.
See git-pull(1) for details.

    git pull <remote> <branch>

If you wish to set tracking information for this branch you can do so with:

    git branch --set-upstream-to=origin/<branch> dev


C:\Users\DELL\Desktop\LearnGitRepo>git pull
There is no tracking information for the current branch.
Please specify which branch you want to merge with.
See git-pull(1) for details.

    git pull <remote> <branch>

If you wish to set tracking information for this branch you can do so with:

    git branch --set-upstream-to=origin/<branch> dev


C:\Users\DELL\Desktop\LearnGitRepo>git pull
There is no tracking information for the current branch.
Please specify which branch you want to merge with.
See git-pull(1) for details.

    git pull <remote> <branch>

If you wish to set tracking information for this branch you can do so with:

    git branch --set-upstream-to=origin/<branch> dev


C:\Users\DELL\Desktop\LearnGitRepo>git status
On branch dev
Untracked files:
  (use "git add <file>..." to include in what will be committed)
        .gitignore

nothing added to commit but untracked files present (use "git add" to track)

C:\Users\DELL\Desktop\LearnGitRepo>git add.
git: 'add.' is not a git command. See 'git --help'.

The most similar command is
        add

C:\Users\DELL\Desktop\LearnGitRepo>git add .gitignore

C:\Users\DELL\Desktop\LearnGitRepo>git status
On branch dev
Changes to be committed:
  (use "git restore --staged <file>..." to unstage)
        new file:   .gitignore


C:\Users\DELL\Desktop\LearnGitRepo>git commit -m "added gitignore"
[dev 009f93a] added gitignore
 1 file changed, 1 insertion(+)
 create mode 100644 .gitignore

C:\Users\DELL\Desktop\LearnGitRepo>git push
fatal: The current branch dev has no upstream branch.
To push the current branch and set the remote as upstream, use

    git push --set-upstream origin dev


C:\Users\DELL\Desktop\LearnGitRepo>git checkout master
Switched to branch 'master'
Your branch is behind 'origin/master' by 3 commits, and can be fast-forwarded.
  (use "git pull" to update your local branch)

C:\Users\DELL\Desktop\LearnGitRepo>git pull
Updating 49531f1..4ce7f8a
Fast-forward
 HelloWorld.java | 1 +
 README.md       | 2 ++
 2 files changed, 3 insertions(+)
 create mode 100644 README.md

C:\Users\DELL\Desktop\LearnGitRepo>git push
Everything up-to-date

C:\Users\DELL\Desktop\LearnGitRepo>git status
On branch master
Your branch is up to date with 'origin/master'.

Untracked files:
  (use "git add <file>..." to include in what will be committed)
        .gitignore

nothing added to commit but untracked files present (use "git add" to track)

C:\Users\DELL\Desktop\LearnGitRepo>git checkout master
Already on 'master'
Your branch is up to date with 'origin/master'.

C:\Users\DELL\Desktop\LearnGitRepo>git add.
git: 'add.' is not a git command. See 'git --help'.

The most similar command is
        add

C:\Users\DELL\Desktop\LearnGitRepo>git add .gitignore

C:\Users\DELL\Desktop\LearnGitRepo>git status
On branch master
Your branch is up to date with 'origin/master'.

Changes to be committed:
  (use "git restore --staged <file>..." to unstage)
        new file:   .gitignore


C:\Users\DELL\Desktop\LearnGitRepo>git commit -m "just addded git ignore"
[master 3be49e5] just addded git ignore
 1 file changed, 1 insertion(+)
 create mode 100644 .gitignore

C:\Users\DELL\Desktop\LearnGitRepo>git push
Enumerating objects: 4, done.
Counting objects: 100% (4/4), done.
Delta compression using up to 8 threads
Compressing objects: 100% (2/2), done.
Writing objects: 100% (3/3), 289 bytes | 289.00 KiB/s, done.
Total 3 (delta 1), reused 0 (delta 0), pack-reused 0
remote: Resolving deltas: 100% (1/1), completed with 1 local object.
To https://github.com/Saurabh-Shivam/GitLearningRepo.git
   4ce7f8a..3be49e5  master -> master

C:\Users\DELL\Desktop\LearnGitRepo>cd LearnGitRepo